==== 2026-07-29 21:49:11 UTC ====
New enquiry from sbir-simulation-funding.com

Name:            Test Founder
Email:           founder@example.com
Company:         TestCo
Stage:           Working in stealth
Simulation need: (not given)
Funding pursued: (not given)

Message:
Local end-to-end form test.

Received: 2026-07-29 21:49:11 UTC · IP 127.0.0.1

==== 2026-07-29 21:50:49 UTC ====
New enquiry from sbir-simulation-funding.com

Name:            Form Encoded
Email:           fe@example.com
Company:         (none yet)
Stage:           (not given)
Simulation need: (not given)
Funding pursued: (not given)

Message:
formenc test

Received: 2026-07-29 21:50:49 UTC · IP 127.0.0.1

==== 2026-07-29 21:50:49 UTC ====
New enquiry from sbir-simulation-funding.com

Name:            Json Guy
Email:           jg@example.com
Company:         (none yet)
Stage:           (not given)
Simulation need: (not given)
Funding pursued: (not given)

Message:
json test

Received: 2026-07-29 21:50:49 UTC · IP 127.0.0.1

==== 2026-07-29 21:51:16 UTC ====
New enquiry from sbir-simulation-funding.com

Name:            Chain Test
Email:           chain@example.com
Company:         (none yet)
Stage:           (not given)
Simulation need: (not given)
Funding pursued: (not given)

Message:
(none)

Received: 2026-07-29 21:51:16 UTC · IP 127.0.0.1

==== 2026-07-29 21:51:16 UTC ====
New enquiry from sbir-simulation-funding.com

Name:            Chain Test
Email:           chain@example.com
Company:         (none yet)
Stage:           (not given)
Simulation need: (not given)
Funding pursued: (not given)

Message:
(none)

Received: 2026-07-29 21:51:16 UTC · IP 127.0.0.1

==== 2026-07-29 21:51:16 UTC ====
New enquiry from sbir-simulation-funding.com

Name:            Chain Test
Email:           chain@example.com
Company:         (none yet)
Stage:           (not given)
Simulation need: (not given)
Funding pursued: (not given)

Message:
(none)

Received: 2026-07-29 21:51:16 UTC · IP 127.0.0.1

